mode: set
github.com/laplogger/laplogger/main.go:13.13,22.16 3 0
github.com/laplogger/laplogger/main.go:22.16,24.3 1 0
github.com/laplogger/laplogger/main.go:25.2,25.15 1 0
github.com/laplogger/laplogger/main.go:25.15,25.43 1 0
github.com/laplogger/laplogger/main.go:28.2,43.44 7 0
github.com/laplogger/laplogger/main.go:43.44,45.3 1 0
github.com/laplogger/laplogger/main.go:48.2,49.2 2 0
github.com/laplogger/laplogger/main.go:49.2,52.3 2 0
github.com/laplogger/laplogger/main.go:55.2,57.2 3 0
github.com/laplogger/laplogger/main.go:57.2,61.3 3 0
github.com/laplogger/laplogger/main.go:64.2,67.2 4 0
github.com/laplogger/laplogger/main.go:67.3,69.3 0 0
github.com/laplogger/laplogger/main.go:71.2,72.53 2 0
github.com/laplogger/laplogger/main.go:72.53,74.3 1 0
github.com/laplogger/laplogger/config/config.go:21.21,34.2 1 1
github.com/laplogger/laplogger/config/config.go:36.42,37.34 1 1
github.com/laplogger/laplogger/config/config.go:37.34,39.3 1 1
github.com/laplogger/laplogger/config/config.go:40.2,40.17 1 1
github.com/laplogger/laplogger/database/control.go:24.82,31.16 3 0
github.com/laplogger/laplogger/database/control.go:31.16,33.3 1 0
github.com/laplogger/laplogger/database/control.go:35.2,35.34 1 0
github.com/laplogger/laplogger/database/control.go:35.34,37.3 1 0
github.com/laplogger/laplogger/database/control.go:39.2,39.49 1 0
github.com/laplogger/laplogger/database/control.go:39.49,41.3 1 0
github.com/laplogger/laplogger/database/control.go:43.2,44.32 2 0
github.com/laplogger/laplogger/database/control.go:47.45,49.16 2 0
github.com/laplogger/laplogger/database/control.go:49.16,51.3 1 0
github.com/laplogger/laplogger/database/control.go:53.2,54.16 2 0
github.com/laplogger/laplogger/database/control.go:54.16,56.3 1 0
github.com/laplogger/laplogger/database/control.go:58.2,59.16 2 0
github.com/laplogger/laplogger/database/control.go:59.16,61.3 1 0
github.com/laplogger/laplogger/database/control.go:63.2,63.61 1 0
github.com/laplogger/laplogger/database/control.go:63.61,65.3 1 0
github.com/laplogger/laplogger/database/control.go:67.2,67.12 1 0
github.com/laplogger/laplogger/database/control.go:71.75,76.2 1 0
github.com/laplogger/laplogger/database/provisioner.go:22.92,23.38 1 1
github.com/laplogger/laplogger/database/provisioner.go:23.38,25.3 1 1
github.com/laplogger/laplogger/database/provisioner.go:26.2,26.22 1 0
github.com/laplogger/laplogger/database/provisioner.go:26.22,28.3 1 0
github.com/laplogger/laplogger/database/provisioner.go:31.2,33.16 3 0
github.com/laplogger/laplogger/database/provisioner.go:33.16,35.3 1 0
github.com/laplogger/laplogger/database/provisioner.go:37.2,37.13 1 0
github.com/laplogger/laplogger/database/provisioner.go:37.13,40.17 2 0
github.com/laplogger/laplogger/database/provisioner.go:40.17,42.4 1 0
github.com/laplogger/laplogger/database/provisioner.go:43.3,43.52 1 0
github.com/laplogger/laplogger/database/provisioner.go:47.2,53.16 3 0
github.com/laplogger/laplogger/database/provisioner.go:53.16,55.3 1 0
github.com/laplogger/laplogger/database/provisioner.go:56.2,56.15 1 0
github.com/laplogger/laplogger/database/provisioner.go:56.15,56.39 1 0
github.com/laplogger/laplogger/database/provisioner.go:58.2,58.54 1 0
github.com/laplogger/laplogger/database/provisioner.go:58.54,60.3 1 0
github.com/laplogger/laplogger/database/provisioner.go:62.2,63.12 2 0
github.com/laplogger/laplogger/database/provisioner.go:66.44,68.16 2 0
github.com/laplogger/laplogger/database/provisioner.go:68.16,70.3 1 0
github.com/laplogger/laplogger/database/provisioner.go:72.2,73.16 2 0
github.com/laplogger/laplogger/database/provisioner.go:73.16,75.3 1 0
github.com/laplogger/laplogger/database/provisioner.go:77.2,78.16 2 0
github.com/laplogger/laplogger/database/provisioner.go:78.16,80.3 1 0
github.com/laplogger/laplogger/database/provisioner.go:82.2,82.61 1 0
github.com/laplogger/laplogger/database/provisioner.go:82.61,84.3 1 0
github.com/laplogger/laplogger/database/provisioner.go:86.2,86.12 1 0
github.com/laplogger/laplogger/database/queries.go:14.84,26.86 5 0
github.com/laplogger/laplogger/database/queries.go:26.86,28.3 1 0
github.com/laplogger/laplogger/database/queries.go:29.2,29.16 1 0
github.com/laplogger/laplogger/database/queries.go:33.70,38.26 3 0
github.com/laplogger/laplogger/database/queries.go:38.26,40.3 1 0
github.com/laplogger/laplogger/database/queries.go:41.2,41.16 1 0
github.com/laplogger/laplogger/database/queries.go:41.16,43.3 1 0
github.com/laplogger/laplogger/database/queries.go:44.2,44.16 1 0
github.com/laplogger/laplogger/database/queries.go:48.76,56.16 2 0
github.com/laplogger/laplogger/database/queries.go:56.16,58.3 1 0
github.com/laplogger/laplogger/database/queries.go:59.2,59.15 1 0
github.com/laplogger/laplogger/database/queries.go:59.15,59.35 1 0
github.com/laplogger/laplogger/database/queries.go:61.2,62.18 2 0
github.com/laplogger/laplogger/database/queries.go:62.18,64.85 2 0
github.com/laplogger/laplogger/database/queries.go:64.85,66.4 1 0
github.com/laplogger/laplogger/database/queries.go:67.3,67.31 1 0
github.com/laplogger/laplogger/database/queries.go:69.2,69.28 1 0
github.com/laplogger/laplogger/database/queries.go:73.76,78.26 3 0
github.com/laplogger/laplogger/database/queries.go:78.26,80.3 1 0
github.com/laplogger/laplogger/database/queries.go:81.2,81.16 1 0
github.com/laplogger/laplogger/database/queries.go:81.16,83.3 1 0
github.com/laplogger/laplogger/database/queries.go:84.2,84.16 1 0
github.com/laplogger/laplogger/database/queries.go:88.76,94.16 3 0
github.com/laplogger/laplogger/database/queries.go:94.16,96.3 1 0
github.com/laplogger/laplogger/database/queries.go:97.2,97.20 1 0
github.com/laplogger/laplogger/database/queries.go:102.113,104.16 2 0
github.com/laplogger/laplogger/database/queries.go:104.16,106.3 1 0
github.com/laplogger/laplogger/database/queries.go:107.2,107.15 1 0
github.com/laplogger/laplogger/database/queries.go:107.15,107.36 1 0
github.com/laplogger/laplogger/database/queries.go:109.2,118.16 5 0
github.com/laplogger/laplogger/database/queries.go:118.16,120.3 1 0
github.com/laplogger/laplogger/database/queries.go:122.2,126.16 2 0
github.com/laplogger/laplogger/database/queries.go:126.16,128.3 1 0
github.com/laplogger/laplogger/database/queries.go:130.2,130.36 1 0
github.com/laplogger/laplogger/database/queries.go:130.36,132.3 1 0
github.com/laplogger/laplogger/database/queries.go:133.2,133.16 1 0
github.com/laplogger/laplogger/database/queries.go:137.57,139.16 2 0
github.com/laplogger/laplogger/database/queries.go:139.16,141.3 1 0
github.com/laplogger/laplogger/database/queries.go:142.2,142.12 1 0
github.com/laplogger/laplogger/database/queries.go:147.80,153.16 2 0
github.com/laplogger/laplogger/database/queries.go:153.16,155.3 1 0
github.com/laplogger/laplogger/database/queries.go:156.2,157.16 2 0
github.com/laplogger/laplogger/database/queries.go:157.16,159.3 1 0
github.com/laplogger/laplogger/database/queries.go:160.2,160.30 1 0
github.com/laplogger/laplogger/database/tenant.go:23.73,31.2 1 1
github.com/laplogger/laplogger/database/tenant.go:35.64,38.36 2 0
github.com/laplogger/laplogger/database/tenant.go:38.36,41.3 2 0
github.com/laplogger/laplogger/database/tenant.go:42.2,49.36 4 0
github.com/laplogger/laplogger/database/tenant.go:49.36,51.3 1 0
github.com/laplogger/laplogger/database/tenant.go:53.2,59.16 3 0
github.com/laplogger/laplogger/database/tenant.go:59.16,61.3 1 0
github.com/laplogger/laplogger/database/tenant.go:63.2,63.34 1 0
github.com/laplogger/laplogger/database/tenant.go:63.34,66.3 2 0
github.com/laplogger/laplogger/database/tenant.go:68.2,73.16 5 0
github.com/laplogger/laplogger/database/tenant.go:77.34,81.33 3 1
github.com/laplogger/laplogger/database/tenant.go:81.33,82.36 1 0
github.com/laplogger/laplogger/database/tenant.go:82.36,84.4 1 0
github.com/laplogger/laplogger/database/tenant.go:86.2,86.37 1 1
github.com/laplogger/laplogger/middleware/auth.go:13.53,14.30 1 1
github.com/laplogger/laplogger/middleware/auth.go:14.30,16.23 2 1
github.com/laplogger/laplogger/middleware/auth.go:16.23,19.4 2 1
github.com/laplogger/laplogger/middleware/auth.go:21.3,22.64 2 1
github.com/laplogger/laplogger/middleware/auth.go:22.64,25.4 2 1
github.com/laplogger/laplogger/middleware/auth.go:27.3,29.77 2 1
github.com/laplogger/laplogger/middleware/auth.go:29.77,30.55 1 1
github.com/laplogger/laplogger/middleware/auth.go:30.55,32.5 1 1
github.com/laplogger/laplogger/middleware/auth.go:33.4,33.25 1 1
github.com/laplogger/laplogger/middleware/auth.go:35.3,35.33 1 1
github.com/laplogger/laplogger/middleware/auth.go:35.33,38.4 2 1
github.com/laplogger/laplogger/middleware/auth.go:40.3,41.10 2 1
github.com/laplogger/laplogger/middleware/auth.go:41.10,44.4 2 0
github.com/laplogger/laplogger/middleware/auth.go:46.3,47.16 2 1
github.com/laplogger/laplogger/middleware/auth.go:47.16,50.4 2 1
github.com/laplogger/laplogger/middleware/auth.go:52.3,53.48 2 1
github.com/laplogger/laplogger/middleware/auth.go:53.48,55.4 1 1
github.com/laplogger/laplogger/middleware/auth.go:56.3,56.46 1 1
github.com/laplogger/laplogger/middleware/auth.go:56.46,58.4 1 1
github.com/laplogger/laplogger/middleware/auth.go:60.3,60.11 1 1
github.com/laplogger/laplogger/middleware/tenant.go:13.103,14.30 1 0
github.com/laplogger/laplogger/middleware/tenant.go:14.30,16.21 2 0
github.com/laplogger/laplogger/middleware/tenant.go:16.21,19.4 2 0
github.com/laplogger/laplogger/middleware/tenant.go:21.3,22.14 2 0
github.com/laplogger/laplogger/middleware/tenant.go:22.14,25.4 2 0
github.com/laplogger/laplogger/middleware/tenant.go:28.3,29.17 2 0
github.com/laplogger/laplogger/middleware/tenant.go:29.17,32.4 2 0
github.com/laplogger/laplogger/middleware/tenant.go:33.3,33.16 1 0
github.com/laplogger/laplogger/middleware/tenant.go:33.16,36.4 2 0
github.com/laplogger/laplogger/middleware/tenant.go:39.3,40.17 2 0
github.com/laplogger/laplogger/middleware/tenant.go:40.17,43.4 2 0
github.com/laplogger/laplogger/middleware/tenant.go:44.3,44.20 1 0
github.com/laplogger/laplogger/middleware/tenant.go:44.20,47.4 2 0
github.com/laplogger/laplogger/middleware/tenant.go:50.3,51.17 2 0
github.com/laplogger/laplogger/middleware/tenant.go:51.17,54.4 2 0
github.com/laplogger/laplogger/middleware/tenant.go:56.3,58.11 3 0
github.com/laplogger/laplogger/middleware/tenant.go:63.42,66.2 2 0
github.com/laplogger/laplogger/handlers/auth.go:26.85,38.2 1 1
github.com/laplogger/laplogger/handlers/auth.go:41.51,44.2 2 1
github.com/laplogger/laplogger/handlers/auth.go:54.54,56.16 2 1
github.com/laplogger/laplogger/handlers/auth.go:56.16,59.3 2 1
github.com/laplogger/laplogger/handlers/auth.go:62.2,63.16 2 1
github.com/laplogger/laplogger/handlers/auth.go:63.16,67.3 3 1
github.com/laplogger/laplogger/handlers/auth.go:70.2,72.16 3 0
github.com/laplogger/laplogger/handlers/auth.go:72.16,76.3 3 0
github.com/laplogger/laplogger/handlers/auth.go:77.2,77.15 1 0
github.com/laplogger/laplogger/handlers/auth.go:77.15,77.40 1 0
github.com/laplogger/laplogger/handlers/auth.go:79.2,80.65 2 0
github.com/laplogger/laplogger/handlers/auth.go:80.65,84.3 3 0
github.com/laplogger/laplogger/handlers/auth.go:87.2,88.16 2 0
github.com/laplogger/laplogger/handlers/auth.go:88.16,92.3 3 0
github.com/laplogger/laplogger/handlers/auth.go:95.2,96.16 2 0
github.com/laplogger/laplogger/handlers/auth.go:96.16,100.3 3 0
github.com/laplogger/laplogger/handlers/auth.go:103.2,104.55 2 0
github.com/laplogger/laplogger/handlers/auth.go:108.45,110.13 2 1
github.com/laplogger/laplogger/handlers/auth.go:110.13,113.3 2 1
github.com/laplogger/laplogger/handlers/auth.go:115.2,116.16 2 0
github.com/laplogger/laplogger/handlers/auth.go:116.16,119.3 2 0
github.com/laplogger/laplogger/handlers/auth.go:120.2,120.17 1 0
github.com/laplogger/laplogger/handlers/auth.go:120.17,123.3 2 0
github.com/laplogger/laplogger/handlers/auth.go:125.2,125.29 1 0
github.com/laplogger/laplogger/handlers/auth.go:128.76,138.2 3 1
github.com/laplogger/laplogger/handlers/league.go:26.89,28.2 1 1
github.com/laplogger/laplogger/handlers/league.go:38.54,42.47 3 0
github.com/laplogger/laplogger/handlers/league.go:42.47,45.3 2 0
github.com/laplogger/laplogger/handlers/league.go:47.2,48.16 2 0
github.com/laplogger/laplogger/handlers/league.go:48.16,51.3 2 0
github.com/laplogger/laplogger/handlers/league.go:54.2,56.16 3 0
github.com/laplogger/laplogger/handlers/league.go:56.16,59.3 2 0
github.com/laplogger/laplogger/handlers/league.go:62.2,67.16 4 0
github.com/laplogger/laplogger/handlers/league.go:67.16,71.3 3 0
github.com/laplogger/laplogger/handlers/league.go:74.2,79.16 1 0
github.com/laplogger/laplogger/handlers/league.go:79.16,82.67 2 0
github.com/laplogger/laplogger/handlers/league.go:82.67,84.4 1 0
github.com/laplogger/laplogger/handlers/league.go:85.3,86.9 2 0
github.com/laplogger/laplogger/handlers/league.go:89.2,89.36 1 0
github.com/laplogger/laplogger/handlers/league.go:93.53,97.16 3 0
github.com/laplogger/laplogger/handlers/league.go:97.16,101.3 3 0
github.com/laplogger/laplogger/handlers/league.go:103.2,103.20 1 0
github.com/laplogger/laplogger/handlers/league.go:103.20,105.3 1 0
github.com/laplogger/laplogger/handlers/league.go:107.2,107.32 1 0
